Generating 22 images at 2K 1:1 ...

[1/22] A01 muay-thai-knee: OK  Lifestyle Photos/athletes/A01_muay-thai-knee.jpg  (2627 KB)
[2/22] A02 boxer-ropes: OK  Lifestyle Photos/athletes/A02_boxer-ropes.jpg  (2394 KB)
[3/22] A05 sprinter-blocks: OK  Lifestyle Photos/athletes/A05_sprinter-blocks.jpg  (3519 KB)
[4/22] A04 gymnast-bars: OK  Lifestyle Photos/athletes/A04_gymnast-bars.jpg  (2589 KB)
[5/22] A06 runner-cold-morning: OK  Lifestyle Photos/athletes/A06_runner-cold-morning.jpg  (2790 KB)
[6/22] A03 soccer-slide: OK  Lifestyle Photos/athletes/A03_soccer-slide.jpg  (3584 KB)
[7/22] A12 cyclist-climb: OK  Lifestyle Photos/athletes/A12_cyclist-climb.jpg  (2885 KB)
[8/22] A07 olympic-lift: OK  Lifestyle Photos/athletes/A07_olympic-lift.jpg  (2892 KB)
[9/22] A08 bjj-grapple: OK  Lifestyle Photos/athletes/A08_bjj-grapple.jpg  (2885 KB)
[10/22] A10 volleyball-block: FAILED  400 Your prompt cannot exceed 5000 characters
[11/22] B03 bench-wraps-gloves: OK  Lifestyle Photos/product/B03_bench-wraps-gloves.jpg  (2586 KB)
[12/22] B04 runner-curb-calf: OK  Lifestyle Photos/product/B04_runner-curb-calf.jpg  (2697 KB)
[13/22] B05 soccer-hamstring-touchline: OK  Lifestyle Photos/product/B05_soccer-hamstring-touchline.jpg  (3164 KB)
[14/22] B06 gymnast-chalk-floor: OK  Lifestyle Photos/product/B06_gymnast-chalk-floor.jpg  (2633 KB)
[15/22] B02 cornerman-oil-shoulder: OK  Lifestyle Photos/product/B02_cornerman-oil-shoulder.jpg  (2773 KB)
[16/22] B08 open-gym-bag: OK  Lifestyle Photos/product/B08_open-gym-bag.jpg  (2681 KB)
[17/22] B07 lifter-oil-palm: OK  Lifestyle Photos/product/B07_lifter-oil-palm.jpg  (2607 KB)
[18/22] B09 therapy-table-quad: OK  Lifestyle Photos/product/B09_therapy-table-quad.jpg  (2704 KB)
[19/22] B12 forearm-rub-macro: OK  Lifestyle Photos/product/B12_forearm-rub-macro.jpg  (2896 KB)
[20/22] B11 cyclist-post-ride-bench: OK  Lifestyle Photos/product/B11_cyclist-post-ride-bench.jpg  (2965 KB)
[21/22] B01 muaythai-ring-apron: OK  Lifestyle Photos/product/B01_muaythai-ring-apron.jpg  (2536 KB)
[22/22] B10 basketball-courtside: OK  Lifestyle Photos/product/B10_basketball-courtside.jpg  (2929 KB)
